// Jest Snapshot v1, https://goo.gl/fbAQLP

exports[`Card component... 1`] = `ShallowWrapper {}`;
